[
  {
    "location": {
      "filePath": "class.bal",
      "startLine": 10,
      "endLine": 10,
      "startColumn": 22,
      "endColumn": 29,
      "startOffset": 175,
      "length": 7
    },
    "rule": {
      "id": "ballerina/http:1",
      "numericId": 1,
      "description": "Avoid allowing default resource accessor",
      "ruleKind": "VULNERABILITY"
    },
    "source": "BUILT_IN",
    "fileName": "rule001/class.bal",
    "filePath": "/Users/admin/Desktop/WORKSPACE/module-ballerina-http/compiler-plugin-tests/src/test/resources/static_code_analyzer/packages/rule001/class.bal"
  },
  {
    "location": {
      "filePath": "class.bal",
      "startLine": 14,
      "endLine": 14,
      "startColumn": 22,
      "endColumn": 29,
      "startOffset": 252,
      "length": 7
    },
    "rule": {
      "id": "ballerina/http:1",
      "numericId": 1,
      "description": "Avoid allowing default resource accessor",
      "ruleKind": "VULNERABILITY"
    },
    "source": "BUILT_IN",
    "fileName": "rule001/class.bal",
    "filePath": "/Users/admin/Desktop/WORKSPACE/module-ballerina-http/compiler-plugin-tests/src/test/resources/static_code_analyzer/packages/rule001/class.bal"
  },
  {
    "location": {
      "filePath": "class.bal",
      "startLine": 7,
      "endLine": 7,
      "startColumn": 27,
      "endColumn": 30,
      "startOffset": 132,
      "length": 3
    },
    "rule": {
      "id": "ballerina/http:2",
      "numericId": 2,
      "description": "Avoid permissive Cross-Origin Resource Sharing",
      "ruleKind": "VULNERABILITY"
    },
    "source": "BUILT_IN",
    "fileName": "rule001/class.bal",
    "filePath": "/Users/admin/Desktop/WORKSPACE/module-ballerina-http/compiler-plugin-tests/src/test/resources/static_code_analyzer/packages/rule001/class.bal"
  },
  {
    "location": {
      "filePath": "object.bal",
      "startLine": 4,
      "endLine": 4,
      "startColumn": 22,
      "endColumn": 29,
      "startOffset": 90,
      "length": 7
    },
    "rule": {
      "id": "ballerina/http:1",
      "numericId": 1,
      "description": "Avoid allowing default resource accessor",
      "ruleKind": "VULNERABILITY"
    },
    "source": "BUILT_IN",
    "fileName": "rule001/object.bal",
    "filePath": "/Users/admin/Desktop/WORKSPACE/module-ballerina-http/compiler-plugin-tests/src/test/resources/static_code_analyzer/packages/rule001/object.bal"
  },
  {
    "location": {
      "filePath": "object.bal",
      "startLine": 6,
      "endLine": 6,
      "startColumn": 22,
      "endColumn": 29,
      "startOffset": 141,
      "length": 7
    },
    "rule": {
      "id": "ballerina/http:1",
      "numericId": 1,
      "description": "Avoid allowing default resource accessor",
      "ruleKind": "VULNERABILITY"
    },
    "source": "BUILT_IN",
    "fileName": "rule001/object.bal",
    "filePath": "/Users/admin/Desktop/WORKSPACE/module-ballerina-http/compiler-plugin-tests/src/test/resources/static_code_analyzer/packages/rule001/object.bal"
  },
  {
    "location": {
      "filePath": "service.bal",
      "startLine": 14,
      "endLine": 14,
      "startColumn": 22,
      "endColumn": 29,
      "startOffset": 245,
      "length": 7
    },
    "rule": {
      "id": "ballerina/http:1",
      "numericId": 1,
      "description": "Avoid allowing default resource accessor",
      "ruleKind": "VULNERABILITY"
    },
    "source": "BUILT_IN",
    "fileName": "rule001/service.bal",
    "filePath": "/Users/admin/Desktop/WORKSPACE/module-ballerina-http/compiler-plugin-tests/src/test/resources/static_code_analyzer/packages/rule001/service.bal"
  },
  {
    "location": {
      "filePath": "service.bal",
      "startLine": 18,
      "endLine": 18,
      "startColumn": 22,
      "endColumn": 29,
      "startOffset": 324,
      "length": 7
    },
    "rule": {
      "id": "ballerina/http:1",
      "numericId": 1,
      "description": "Avoid allowing default resource accessor",
      "ruleKind": "VULNERABILITY"
    },
    "source": "BUILT_IN",
    "fileName": "rule001/service.bal",
    "filePath": "/Users/admin/Desktop/WORKSPACE/module-ballerina-http/compiler-plugin-tests/src/test/resources/static_code_analyzer/packages/rule001/service.bal"
  },
  {
    "location": {
      "filePath": "service.bal",
      "startLine": 4,
      "endLine": 4,
      "startColumn": 23,
      "endColumn": 26,
      "startOffset": 81,
      "length": 3
    },
    "rule": {
      "id": "ballerina/http:2",
      "numericId": 2,
      "description": "Avoid permissive Cross-Origin Resource Sharing",
      "ruleKind": "VULNERABILITY"
    },
    "source": "BUILT_IN",
    "fileName": "rule001/service.bal",
    "filePath": "/Users/admin/Desktop/WORKSPACE/module-ballerina-http/compiler-plugin-tests/src/test/resources/static_code_analyzer/packages/rule001/service.bal"
  },
  {
    "location": {
      "filePath": "service.bal",
      "startLine": 11,
      "endLine": 11,
      "startColumn": 27,
      "endColumn": 30,
      "startOffset": 202,
      "length": 3
    },
    "rule": {
      "id": "ballerina/http:2",
      "numericId": 2,
      "description": "Avoid permissive Cross-Origin Resource Sharing",
      "ruleKind": "VULNERABILITY"
    },
    "source": "BUILT_IN",
    "fileName": "rule001/service.bal",
    "filePath": "/Users/admin/Desktop/WORKSPACE/module-ballerina-http/compiler-plugin-tests/src/test/resources/static_code_analyzer/packages/rule001/service.bal"
  }
]
